SQL> SET PAGESIZE 800
SQL> SET LINE 800
SQL> 
SQL> CREATE TABLE TITULACION
  2  (T CHAR (4) PRIMARY KEY,)
  3  
SQL> 
SQL> CREATE TABLE TITULACION
  2  (T CHAR (4) PRIMARY KEY,
  3  FAC VARCHAR2(30));

Table created.

SQL> INSERT INTO TITULACION(T) SELECT UNIQUE T FROM ASIGNATURA;

4 rows created.

SQL> SELECT * FROM TITULACION;

T    FAC                                                                                                                                                                                                                                                                                                                                                                                                                                                                                                                                                                                                                                                                                                                                                                                                                        
---- ------------------------------                                                                                                                                                                                                                                                                                                                                                                                                                                                                                                                                                                                                                                                                                                                                                                                             
GF                                                                                                                                                                                                                                                                                                                                                                                                                                                                                                                                                                                                                                                                                                                                                                                                                              
GM                                                                                                                                                                                                                                                                                                                                                                                                                                                                                                                                                                                                                                                                                                                                                                                                                              
GII                                                                                                                                                                                                                                                                                                                                                                                                                                                                                                                                                                                                                                                                                                                                                                                                                             
MII                                                                                                                                                                                                                                                                                                                                                                                                                                                                                                                                                                                                                                                                                                                                                                                                                             

SQL> UPDATE TITULACION SET FAC=&facultad WHERE T =&titulacion;
Enter value for facultad: 'ETSII'
Enter value for titulacion: 'GII'
old   1: UPDATE TITULACION SET FAC=&facultad WHERE T =&titulacion
new   1: UPDATE TITULACION SET FAC='ETSII' WHERE T ='GII'

1 row updated.

SQL> UPDATE TITULACION SET FAC=&facultad WHERE T =&titulacion;
Enter value for facultad: 'ETSII'
Enter value for titulacion: 'MII'
old   1: UPDATE TITULACION SET FAC=&facultad WHERE T =&titulacion
new   1: UPDATE TITULACION SET FAC='ETSII' WHERE T ='MII'

1 row updated.

SQL> UPDATE TITULACION SET FAC=&facultad WHERE T =&titulacion;
Enter value for facultad: 'MATEMATICAS Y FISICA'
Enter value for titulacion: 'GF'
old   1: UPDATE TITULACION SET FAC=&facultad WHERE T =&titulacion
new   1: UPDATE TITULACION SET FAC='MATEMATICAS Y FISICA' WHERE T ='GF'

1 row updated.

SQL> UPDATE TITULACION SET FAC=&facultad WHERE T =&titulacion;
Enter value for facultad: 'MATEMATICAS Y FISICA'
Enter value for titulacion: 'GM'
old   1: UPDATE TITULACION SET FAC=&facultad WHERE T =&titulacion
new   1: UPDATE TITULACION SET FAC='MATEMATICAS Y FISICA' WHERE T ='GM'

1 row updated.

SQL> CREATE SYNONYM TIT FOR TITULACION;

Synonym created.

SQL> SELECT * FROM TIT;

T    FAC                                                                                                                                                                                                                                                                                                                                                                                                                                                                                                                                                                                                                                                                                                                                                                                                                        
---- ------------------------------                                                                                                                                                                                                                                                                                                                                                                                                                                                                                                                                                                                                                                                                                                                                                                                             
GF   MATEMATICAS Y FISICA                                                                                                                                                                                                                                                                                                                                                                                                                                                                                                                                                                                                                                                                                                                                                                                                       
GM   MATEMATICAS Y FISICA                                                                                                                                                                                                                                                                                                                                                                                                                                                                                                                                                                                                                                                                                                                                                                                                       
GII  ETSII                                                                                                                                                                                                                                                                                                                                                                                                                                                                                                                                                                                                                                                                                                                                                                                                                      
MII  ETSII                                                                                                                                                                                                                                                                                                                                                                                                                                                                                                                                                                                                                                                                                                                                                                                                                      

SQL> 
SQL> 
SQL> 
SQL> 
SQL> 
SQL> ALTER TABLE ASIGNATURA ADD CONSTRAINT CONDICION_1 FOREIGN KEY(T) REFERENCES TITULACION(T) ON DELETE CASCADE;

Table altered.

SQL> ALTER TABLE TITULACION MODIFY(T CHAR(6));
ALTER TABLE TITULACION MODIFY(T CHAR(6))
*
ERROR at line 1:
ORA-02292: integrity constraint (ALU0100913293.CONDICION_1) violated - child record found 


SQL> ALTER TABLE ASIGNATURA DISABLE CONSTRAINT CONDICION_1;

Table altered.

SQL> ALTER TABLE TITULACION MODIFY(T CHAR(6));

Table altered.

SQL> ALTER TABLE ASIGNATURA ADD CONSTRAINT CONDICION_1 FOREIGN KEY(T) REFERENCES TITULACION(T) ON DELETE CASCADE;
ALTER TABLE ASIGNATURA ADD CONSTRAINT CONDICION_1 FOREIGN KEY(T) REFERENCES TITULACION(T) ON DELETE CASCADE
                                                  *
ERROR at line 1:
ORA-02275: such a referential constraint already exists in the table 


SQL> ALTER TABLE ASIGNATURA ENABLE CONSTRAINT CONDICION_1;

Table altered.

SQL> CREATE VIEW VISTA1 AS SELECT CAS, A, T, CUR, CAR FROM ASIGNATURA;

View created.

SQL> SELECT * FROM VISTA1;

       CAS A                                                  T           CUR        CAR                                                                                                                                                                                                                                                                                                                                                                                                                                                                                                                                                                                                                                                                                                                                        
---------- -------------------------------------------------- ---- ---------- ----------                                                                                                                                                                                                                                                                                                                                                                                                                                                                                                                                                                                                                                                                                                                                        
         1 BASES DE DATOS                                     GII           3          7                                                                                                                                                                                                                                                                                                                                                                                                                                                                                                                                                                                                                                                                                                                                        
         2 INTELIGENCIA ARTIFICIAL                            GII           3          4                                                                                                                                                                                                                                                                                                                                                                                                                                                                                                                                                                                                                                                                                                                                        
         3 ALMACENES DE DATOS                                 MII           1          7                                                                                                                                                                                                                                                                                                                                                                                                                                                                                                                                                                                                                                                                                                                                        
         4 MINERIA DE DATOS                                   MII           1          7                                                                                                                                                                                                                                                                                                                                                                                                                                                                                                                                                                                                                                                                                                                                        
         5 INFORMATICA BASICA                                 GII           1          7                                                                                                                                                                                                                                                                                                                                                                                                                                                                                                                                                                                                                                                                                                                                        
         6 ALGEBRA                                            GII           1          1                                                                                                                                                                                                                                                                                                                                                                                                                                                                                                                                                                                                                                                                                                                                        
         7 CALCULO                                            GII           1          8                                                                                                                                                                                                                                                                                                                                                                                                                                                                                                                                                                                                                                                                                                                                        
         8 OPTIMIZACION                                       GII           1          6                                                                                                                                                                                                                                                                                                                                                                                                                                                                                                                                                                                                                                                                                                                                        
        10 ASTRONOMIA                                         GF            2          3                                                                                                                                                                                                                                                                                                                                                                                                                                                                                                                                                                                                                                                                                                                                        
        11 ENSENANZA DE LA MATEMATICA                         GM            2          5                                                                                                                                                                                                                                                                                                                                                                                                                                                                                                                                                                                                                                                                                                                                        
        12 ANALISIS COMPLEJO                                  GM            4          2                                                                                                                                                                                                                                                                                                                                                                                                                                                                                                                                                                                                                                                                                                                                        
         9 GESTION DE RIESGOS                                 GII           3          4                                                                                                                                                                                                                                                                                                                                                                                                                                                                                                                                                                                                                                                                                                                                        

12 rows selected.

SQL> INSERT INTO VISTA1 VALUES(13, 'ESTADISTICA', 'GII', 3, 7);
INSERT INTO VISTA1 VALUES(13, 'ESTADISTICA', 'GII', 3, 7)
*
ERROR at line 1:
ORA-02291: integrity constraint (ALU0100913293.CONDICION_1) violated - parent key not found 


SQL> ALTER TABLE ASIGNATURA DISABLE CONSTRAINT CONDICION_1;

Table altered.

SQL> INSERT INTO VISTA1 VALUES(13, 'ESTADISTICA', 'GII', 3, 7);

1 row created.

SQL> SPOOL OFF
